10:23:12 **** Incremental Build of configuration Debug for project GPS ****
make -j16 all 
arm-none-eabi-gcc "../Core/Src/main.c" -mcpu=cortex-m4 -std=gnu11 -g3 -DDEBUG -DUSE_HAL_DRIVER -DSTM32F303xE -c -I../Core/Inc -I../Drivers/STM32F3xx_HAL_Driver/Inc -I../Drivers/STM32F3xx_HAL_Driver/Inc/Legacy -I../Drivers/CMSIS/Device/ST/STM32F3xx/Include -I../Drivers/CMSIS/Include -O0 -ffunction-sections -fdata-sections -Wall -fstack-usage -fcyclomatic-complexity -MMD -MP -MF"Core/Src/main.d" -MT"Core/Src/main.o" --specs=nano.specs -mfpu=fpv4-sp-d16 -mfloat-abi=hard -mthumb -o "Core/Src/main.o"
../Core/Src/main.c: In function 'main':
../Core/Src/main.c:110:37: warning: pointer targets in passing argument 2 of 'HAL_UART_Receive' differ in signedness [-Wpointer-sign]
  110 |           HAL_UART_Receive(&huart4, &lastChar, 1, 2000u);
      |                                     ^~~~~~~~~
      |                                     |
      |                                     char *
In file included from ../Core/Inc/stm32f3xx_hal_conf.h:327,
                 from ../Drivers/STM32F3xx_HAL_Driver/Inc/stm32f3xx_hal.h:29,
                 from ../Core/Inc/main.h:30,
                 from ../Core/Src/main.c:20:
../Drivers/STM32F3xx_HAL_Driver/Inc/stm32f3xx_hal_uart.h:1487:72: note: expected 'uint8_t *' {aka 'unsigned char *'} but argument is of type 'char *'
 1487 | HAL_StatusTypeDef HAL_UART_Receive(UART_HandleTypeDef *huart, uint8_t *pData, uint16_t Size, uint32_t Timeout);
      |                                                               ~~~~~~~~~^~~~~
../Core/Src/main.c:114:54: warning: implicit declaration of function 'strlen' [-Wimplicit-function-declaration]
  114 |                   HAL_UART_Transmit(&huart2, buffer, strlen(buffer), 1000u);
      |                                                      ^~~~~~
../Core/Src/main.c:21:1: note: include '<string.h>' or provide a declaration of 'strlen'
   20 | #include "main.h"
  +++ |+#include <string.h>
   21 | 
../Core/Src/main.c:114:54: warning: incompatible implicit declaration of built-in function 'strlen' [-Wbuiltin-declaration-mismatch]
  114 |                   HAL_UART_Transmit(&huart2, buffer, strlen(buffer), 1000u);
      |                                                      ^~~~~~
../Core/Src/main.c:114:54: note: include '<string.h>' or provide a declaration of 'strlen'
../Core/Src/main.c:114:46: warning: pointer targets in passing argument 2 of 'HAL_UART_Transmit' differ in signedness [-Wpointer-sign]
  114 |                   HAL_UART_Transmit(&huart2, buffer, strlen(buffer), 1000u);
      |                                              ^~~~~~
      |                                              |
      |                                              char *
In file included from ../Core/Inc/stm32f3xx_hal_conf.h:327,
                 from ../Drivers/STM32F3xx_HAL_Driver/Inc/stm32f3xx_hal.h:29,
                 from ../Core/Inc/main.h:30,
                 from ../Core/Src/main.c:20:
../Drivers/STM32F3xx_HAL_Driver/Inc/stm32f3xx_hal_uart.h:1486:79: note: expected 'const uint8_t *' {aka 'const unsigned char *'} but argument is of type 'char *'
 1486 | HAL_StatusTypeDef HAL_UART_Transmit(UART_HandleTypeDef *huart, const uint8_t *pData, uint16_t Size, uint32_t Timeout);
      |                                                                ~~~~~~~~~~~~~~~^~~~~
arm-none-eabi-gcc -o "GPS.elf" @"objects.list"   -mcpu=cortex-m4 -T"C:\Users\Will\Documents\GitHub\STM32-Avionics\Sensor Testing\GPS\STM32F303RETX_FLASH.ld" --specs=nosys.specs -Wl,-Map="GPS.map" -Wl,--gc-sections -static --specs=nano.specs -mfpu=fpv4-sp-d16 -mfloat-abi=hard -mthumb -Wl,--start-group -lc -lm -Wl,--end-group
Finished building target: GPS.elf
 
arm-none-eabi-size   GPS.elf 
arm-none-eabi-objdump -h -S  GPS.elf  > "GPS.list"
   text	   data	    bss	    dec	    hex	filename
  14776	     20	   1844	  16640	   4100	GPS.elf
Finished building: default.size.stdout
 
Finished building: GPS.list
 
10:23:14 **** Incremental Build of configuration Debug for project GPS ****
make -j16 all 
arm-none-eabi-size   GPS.elf 
   text	   data	    bss	    dec	    hex	filename
  14776	     20	   1844	  16640	   4100	GPS.elf
Finished building: default.size.stdout
 
13:09:24 **** Incremental Build of configuration Debug for project GPS ****
make -j16 all 
arm-none-eabi-size   GPS.elf 
   text	   data	    bss	    dec	    hex	filename
  14776	     20	   1844	  16640	   4100	GPS.elf
Finished building: default.size.stdout
 
