16:22:57 **** Incremental Build of configuration Debug for project Pressure_Sensor ****
make -j16 all 
arm-none-eabi-gcc "../Core/Src/main.c" -mcpu=cortex-m4 -std=gnu11 -g3 -DDEBUG -DUSE_HAL_DRIVER -DSTM32F303xE -c -I../Core/Inc -I../Drivers/STM32F3xx_HAL_Driver/Inc -I../Drivers/STM32F3xx_HAL_Driver/Inc/Legacy -I../Drivers/CMSIS/Device/ST/STM32F3xx/Include -I../Drivers/CMSIS/Include -O0 -ffunction-sections -fdata-sections -Wall -fstack-usage -fcyclomatic-complexity -MMD -MP -MF"Core/Src/main.d" -MT"Core/Src/main.o" --specs=nano.specs -mfpu=fpv4-sp-d16 -mfloat-abi=hard -mthumb -o "Core/Src/main.o"
../Core/Src/main.c: In function 'main':
../Core/Src/main.c:164:90: warning: passing argument 5 of 'HAL_I2C_Mem_Read' from incompatible pointer type [-Wincompatible-pointer-types]
  164 |           HAL_I2C_Mem_Read(&hi2c1, BMP_Address, regAddress_Dig_T1, I2C_MEMADD_SIZE_8BIT, &dig_T1, 2, 2000u); /* Getting the Trimming Values */
      |                                                                                          ^~~~~~~
      |                                                                                          |
      |                                                                                          uint16_t * {aka short unsigned int *}
In file included from ../Core/Inc/stm32f3xx_hal_conf.h:271,
                 from ../Drivers/STM32F3xx_HAL_Driver/Inc/stm32f3xx_hal.h:29,
                 from ../Core/Inc/main.h:30,
                 from ../Core/Src/main.c:20:
../Drivers/STM32F3xx_HAL_Driver/Inc/stm32f3xx_hal_i2c.h:637:66: note: expected 'uint8_t *' {aka 'unsigned char *'} but argument is of type 'uint16_t *' {aka 'short unsigned int *'}
  637 |                                    uint16_t MemAddSize, uint8_t *pData, uint16_t Size, uint32_t Timeout);
      |                                                         ~~~~~~~~~^~~~~
../Core/Src/main.c:165:90: warning: passing argument 5 of 'HAL_I2C_Mem_Read' from incompatible pointer type [-Wincompatible-pointer-types]
  165 |           HAL_I2C_Mem_Read(&hi2c1, BMP_Address, regAddress_Dig_T2, I2C_MEMADD_SIZE_8BIT, &dig_T2, 2, 2000u); /* Getting the Trimming Values */
      |                                                                                          ^~~~~~~
      |                                                                                          |
      |                                                                                          short int *
In file included from ../Core/Inc/stm32f3xx_hal_conf.h:271,
                 from ../Drivers/STM32F3xx_HAL_Driver/Inc/stm32f3xx_hal.h:29,
                 from ../Core/Inc/main.h:30,
                 from ../Core/Src/main.c:20:
../Drivers/STM32F3xx_HAL_Driver/Inc/stm32f3xx_hal_i2c.h:637:66: note: expected 'uint8_t *' {aka 'unsigned char *'} but argument is of type 'short int *'
  637 |                                    uint16_t MemAddSize, uint8_t *pData, uint16_t Size, uint32_t Timeout);
      |                                                         ~~~~~~~~~^~~~~
../Core/Src/main.c:166:90: warning: passing argument 5 of 'HAL_I2C_Mem_Read' from incompatible pointer type [-Wincompatible-pointer-types]
  166 |           HAL_I2C_Mem_Read(&hi2c1, BMP_Address, regAddress_Dig_T3, I2C_MEMADD_SIZE_8BIT, &dig_T3, 2, 2000u); /* Getting the Trimming Values */
      |                                                                                          ^~~~~~~
      |                                                                                          |
      |                                                                                          short int *
In file included from ../Core/Inc/stm32f3xx_hal_conf.h:271,
                 from ../Drivers/STM32F3xx_HAL_Driver/Inc/stm32f3xx_hal.h:29,
                 from ../Core/Inc/main.h:30,
                 from ../Core/Src/main.c:20:
../Drivers/STM32F3xx_HAL_Driver/Inc/stm32f3xx_hal_i2c.h:637:66: note: expected 'uint8_t *' {aka 'unsigned char *'} but argument is of type 'short int *'
  637 |                                    uint16_t MemAddSize, uint8_t *pData, uint16_t Size, uint32_t Timeout);
      |                                                         ~~~~~~~~~^~~~~
../Core/Src/main.c:167:90: warning: passing argument 5 of 'HAL_I2C_Mem_Read' from incompatible pointer type [-Wincompatible-pointer-types]
  167 |           HAL_I2C_Mem_Read(&hi2c1, BMP_Address, regAddress_Dig_P1, I2C_MEMADD_SIZE_8BIT, &dig_P1, 2, 2000u); /* Getting the Trimming Values */
      |                                                                                          ^~~~~~~
      |                                                                                          |
      |                                                                                          uint16_t * {aka short unsigned int *}
In file included from ../Core/Inc/stm32f3xx_hal_conf.h:271,
                 from ../Drivers/STM32F3xx_HAL_Driver/Inc/stm32f3xx_hal.h:29,
                 from ../Core/Inc/main.h:30,
                 from ../Core/Src/main.c:20:
../Drivers/STM32F3xx_HAL_Driver/Inc/stm32f3xx_hal_i2c.h:637:66: note: expected 'uint8_t *' {aka 'unsigned char *'} but argument is of type 'uint16_t *' {aka 'short unsigned int *'}
  637 |                                    uint16_t MemAddSize, uint8_t *pData, uint16_t Size, uint32_t Timeout);
      |                                                         ~~~~~~~~~^~~~~
../Core/Src/main.c:168:90: warning: passing argument 5 of 'HAL_I2C_Mem_Read' from incompatible pointer type [-Wincompatible-pointer-types]
  168 |           HAL_I2C_Mem_Read(&hi2c1, BMP_Address, regAddress_Dig_P2, I2C_MEMADD_SIZE_8BIT, &dig_P2, 2, 2000u); /* Getting the Trimming Values */
      |                                                                                          ^~~~~~~
      |                                                                                          |
      |                                                                                          short int *
In file included from ../Core/Inc/stm32f3xx_hal_conf.h:271,
                 from ../Drivers/STM32F3xx_HAL_Driver/Inc/stm32f3xx_hal.h:29,
                 from ../Core/Inc/main.h:30,
                 from ../Core/Src/main.c:20:
../Drivers/STM32F3xx_HAL_Driver/Inc/stm32f3xx_hal_i2c.h:637:66: note: expected 'uint8_t *' {aka 'unsigned char *'} but argument is of type 'short int *'
  637 |                                    uint16_t MemAddSize, uint8_t *pData, uint16_t Size, uint32_t Timeout);
      |                                                         ~~~~~~~~~^~~~~
../Core/Src/main.c:169:90: warning: passing argument 5 of 'HAL_I2C_Mem_Read' from incompatible pointer type [-Wincompatible-pointer-types]
  169 |           HAL_I2C_Mem_Read(&hi2c1, BMP_Address, regAddress_Dig_P3, I2C_MEMADD_SIZE_8BIT, &dig_P3, 2, 2000u); /* Getting the Trimming Values */
      |                                                                                          ^~~~~~~
      |                                                                                          |
      |                                                                                          short int *
In file included from ../Core/Inc/stm32f3xx_hal_conf.h:271,
                 from ../Drivers/STM32F3xx_HAL_Driver/Inc/stm32f3xx_hal.h:29,
                 from ../Core/Inc/main.h:30,
                 from ../Core/Src/main.c:20:
../Drivers/STM32F3xx_HAL_Driver/Inc/stm32f3xx_hal_i2c.h:637:66: note: expected 'uint8_t *' {aka 'unsigned char *'} but argument is of type 'short int *'
  637 |                                    uint16_t MemAddSize, uint8_t *pData, uint16_t Size, uint32_t Timeout);
      |                                                         ~~~~~~~~~^~~~~
../Core/Src/main.c:170:90: warning: passing argument 5 of 'HAL_I2C_Mem_Read' from incompatible pointer type [-Wincompatible-pointer-types]
  170 |           HAL_I2C_Mem_Read(&hi2c1, BMP_Address, regAddress_Dig_P4, I2C_MEMADD_SIZE_8BIT, &dig_P4, 2, 2000u); /* Getting the Trimming Values */
      |                                                                                          ^~~~~~~
      |                                                                                          |
      |                                                                                          short int *
In file included from ../Core/Inc/stm32f3xx_hal_conf.h:271,
                 from ../Drivers/STM32F3xx_HAL_Driver/Inc/stm32f3xx_hal.h:29,
                 from ../Core/Inc/main.h:30,
                 from ../Core/Src/main.c:20:
../Drivers/STM32F3xx_HAL_Driver/Inc/stm32f3xx_hal_i2c.h:637:66: note: expected 'uint8_t *' {aka 'unsigned char *'} but argument is of type 'short int *'
  637 |                                    uint16_t MemAddSize, uint8_t *pData, uint16_t Size, uint32_t Timeout);
      |                                                         ~~~~~~~~~^~~~~
../Core/Src/main.c:171:90: warning: passing argument 5 of 'HAL_I2C_Mem_Read' from incompatible pointer type [-Wincompatible-pointer-types]
  171 |           HAL_I2C_Mem_Read(&hi2c1, BMP_Address, regAddress_Dig_P5, I2C_MEMADD_SIZE_8BIT, &dig_P5, 2, 2000u); /* Getting the Trimming Values */
      |                                                                                          ^~~~~~~
      |                                                                                          |
      |                                                                                          short int *
In file included from ../Core/Inc/stm32f3xx_hal_conf.h:271,
                 from ../Drivers/STM32F3xx_HAL_Driver/Inc/stm32f3xx_hal.h:29,
                 from ../Core/Inc/main.h:30,
                 from ../Core/Src/main.c:20:
../Drivers/STM32F3xx_HAL_Driver/Inc/stm32f3xx_hal_i2c.h:637:66: note: expected 'uint8_t *' {aka 'unsigned char *'} but argument is of type 'short int *'
  637 |                                    uint16_t MemAddSize, uint8_t *pData, uint16_t Size, uint32_t Timeout);
      |                                                         ~~~~~~~~~^~~~~
../Core/Src/main.c:172:90: warning: passing argument 5 of 'HAL_I2C_Mem_Read' from incompatible pointer type [-Wincompatible-pointer-types]
  172 |           HAL_I2C_Mem_Read(&hi2c1, BMP_Address, regAddress_Dig_P6, I2C_MEMADD_SIZE_8BIT, &dig_P6, 2, 2000u); /* Getting the Trimming Values */
      |                                                                                          ^~~~~~~
      |                                                                                          |
      |                                                                                          short int *
In file included from ../Core/Inc/stm32f3xx_hal_conf.h:271,
                 from ../Drivers/STM32F3xx_HAL_Driver/Inc/stm32f3xx_hal.h:29,
                 from ../Core/Inc/main.h:30,
                 from ../Core/Src/main.c:20:
../Drivers/STM32F3xx_HAL_Driver/Inc/stm32f3xx_hal_i2c.h:637:66: note: expected 'uint8_t *' {aka 'unsigned char *'} but argument is of type 'short int *'
  637 |                                    uint16_t MemAddSize, uint8_t *pData, uint16_t Size, uint32_t Timeout);
      |                                                         ~~~~~~~~~^~~~~
../Core/Src/main.c:173:90: warning: passing argument 5 of 'HAL_I2C_Mem_Read' from incompatible pointer type [-Wincompatible-pointer-types]
  173 |           HAL_I2C_Mem_Read(&hi2c1, BMP_Address, regAddress_Dig_P7, I2C_MEMADD_SIZE_8BIT, &dig_P7, 2, 2000u); /* Getting the Trimming Values */
      |                                                                                          ^~~~~~~
      |                                                                                          |
      |                                                                                          short int *
In file included from ../Core/Inc/stm32f3xx_hal_conf.h:271,
                 from ../Drivers/STM32F3xx_HAL_Driver/Inc/stm32f3xx_hal.h:29,
                 from ../Core/Inc/main.h:30,
                 from ../Core/Src/main.c:20:
../Drivers/STM32F3xx_HAL_Driver/Inc/stm32f3xx_hal_i2c.h:637:66: note: expected 'uint8_t *' {aka 'unsigned char *'} but argument is of type 'short int *'
  637 |                                    uint16_t MemAddSize, uint8_t *pData, uint16_t Size, uint32_t Timeout);
      |                                                         ~~~~~~~~~^~~~~
../Core/Src/main.c:174:90: warning: passing argument 5 of 'HAL_I2C_Mem_Read' from incompatible pointer type [-Wincompatible-pointer-types]
  174 |           HAL_I2C_Mem_Read(&hi2c1, BMP_Address, regAddress_Dig_P8, I2C_MEMADD_SIZE_8BIT, &dig_P8, 2, 2000u); /* Getting the Trimming Values */
      |                                                                                          ^~~~~~~
      |                                                                                          |
      |                                                                                          short int *
In file included from ../Core/Inc/stm32f3xx_hal_conf.h:271,
                 from ../Drivers/STM32F3xx_HAL_Driver/Inc/stm32f3xx_hal.h:29,
                 from ../Core/Inc/main.h:30,
                 from ../Core/Src/main.c:20:
../Drivers/STM32F3xx_HAL_Driver/Inc/stm32f3xx_hal_i2c.h:637:66: note: expected 'uint8_t *' {aka 'unsigned char *'} but argument is of type 'short int *'
  637 |                                    uint16_t MemAddSize, uint8_t *pData, uint16_t Size, uint32_t Timeout);
      |                                                         ~~~~~~~~~^~~~~
../Core/Src/main.c:175:90: warning: passing argument 5 of 'HAL_I2C_Mem_Read' from incompatible pointer type [-Wincompatible-pointer-types]
  175 |           HAL_I2C_Mem_Read(&hi2c1, BMP_Address, regAddress_Dig_P9, I2C_MEMADD_SIZE_8BIT, &dig_P9, 2, 2000u); /* Getting the Trimming Values */
      |                                                                                          ^~~~~~~
      |                                                                                          |
      |                                                                                          short int *
In file included from ../Core/Inc/stm32f3xx_hal_conf.h:271,
                 from ../Drivers/STM32F3xx_HAL_Driver/Inc/stm32f3xx_hal.h:29,
                 from ../Core/Inc/main.h:30,
                 from ../Core/Src/main.c:20:
../Drivers/STM32F3xx_HAL_Driver/Inc/stm32f3xx_hal_i2c.h:637:66: note: expected 'uint8_t *' {aka 'unsigned char *'} but argument is of type 'short int *'
  637 |                                    uint16_t MemAddSize, uint8_t *pData, uint16_t Size, uint32_t Timeout);
      |                                                         ~~~~~~~~~^~~~~
../Core/Src/main.c:186:93: warning: passing argument 5 of 'HAL_I2C_Mem_Read' from incompatible pointer type [-Wincompatible-pointer-types]
  186 |           HAL_I2C_Mem_Read(&hi2c1, BMP_Address, regAddress_PRESS_MSB, I2C_MEMADD_SIZE_8BIT, &data, 6, 2000u); /* Reading pressure and temperature */
      |                                                                                             ^~~~~
      |                                                                                             |
      |                                                                                             uint8_t (*)[6] {aka unsigned char (*)[6]}
In file included from ../Core/Inc/stm32f3xx_hal_conf.h:271,
                 from ../Drivers/STM32F3xx_HAL_Driver/Inc/stm32f3xx_hal.h:29,
                 from ../Core/Inc/main.h:30,
                 from ../Core/Src/main.c:20:
../Drivers/STM32F3xx_HAL_Driver/Inc/stm32f3xx_hal_i2c.h:637:66: note: expected 'uint8_t *' {aka 'unsigned char *'} but argument is of type 'uint8_t (*)[6]' {aka 'unsigned char (*)[6]'}
  637 |                                    uint16_t MemAddSize, uint8_t *pData, uint16_t Size, uint32_t Timeout);
      |                                                         ~~~~~~~~~^~~~~
../Core/Src/main.c:215:35: warning: implicit declaration of function 'pow' [-Wimplicit-function-declaration]
  215 |           altitude = 44330 * (1 - pow((pressVal/seaLevel_Press),(1/5.255)));
      |                                   ^~~
../Core/Src/main.c:21:1: note: include '<math.h>' or provide a declaration of 'pow'
   20 | #include "main.h"
  +++ |+#include <math.h>
   21 | 
../Core/Src/main.c:215:35: warning: incompatible implicit declaration of built-in function 'pow' [-Wbuiltin-declaration-mismatch]
  215 |           altitude = 44330 * (1 - pow((pressVal/seaLevel_Press),(1/5.255)));
      |                                   ^~~
../Core/Src/main.c:215:35: note: include '<math.h>' or provide a declaration of 'pow'
../Core/Src/main.c:156:17: warning: variable 'altitude' set but not used [-Wunused-but-set-variable]
  156 |           float altitude; /* Altitude */
      |                 ^~~~~~~~
../Core/Src/main.c:155:17: warning: variable 'tempVal' set but not used [-Wunused-but-set-variable]
  155 |           float tempVal; /* Decimal Temperature */
      |                 ^~~~~~~
arm-none-eabi-gcc -o "Pressure_Sensor.elf" @"objects.list"   -mcpu=cortex-m4 -T"C:\Users\Will\Documents\GitHub\STM32-Avionics\Sensor Testing\Pressure_Sensor\STM32F303RETX_FLASH.ld" --specs=nosys.specs -Wl,-Map="Pressure_Sensor.map" -Wl,--gc-sections -static --specs=nano.specs -mfpu=fpv4-sp-d16 -mfloat-abi=hard -mthumb -Wl,--start-group -lc -lm -Wl,--end-group
Finished building target: Pressure_Sensor.elf
 
arm-none-eabi-size   Pressure_Sensor.elf 
arm-none-eabi-objdump -h -S  Pressure_Sensor.elf  > "Pressure_Sensor.list"
   text	   data	    bss	    dec	    hex	filename
  25132	    120	   2104	  27356	   6adc	Pressure_Sensor.elf
Finished building: default.size.stdout
 
Finished building: Pressure_Sensor.list
 
16:23:14 **** Incremental Build of configuration Debug for project Pressure_Sensor ****
make -j16 all 
arm-none-eabi-size   Pressure_Sensor.elf 
   text	   data	    bss	    dec	    hex	filename
  25132	    120	   2104	  27356	   6adc	Pressure_Sensor.elf
Finished building: default.size.stdout
 
