18:12:37 **** Incremental Build of configuration Debug for project Micro_Servo ****
make -j16 all 
arm-none-eabi-gcc "../Core/Src/main.c" -mcpu=cortex-m4 -std=gnu11 -g3 -DDEBUG -DUSE_HAL_DRIVER -DSTM32F303xE -c -I../Core/Inc -I../Drivers/STM32F3xx_HAL_Driver/Inc -I../Drivers/STM32F3xx_HAL_Driver/Inc/Legacy -I../Drivers/CMSIS/Device/ST/STM32F3xx/Include -I../Drivers/CMSIS/Include -O0 -ffunction-sections -fdata-sections -Wall -fstack-usage -fcyclomatic-complexity -MMD -MP -MF"Core/Src/main.d" -MT"Core/Src/main.o" --specs=nano.specs -mfpu=fpv4-sp-d16 -mfloat-abi=hard -mthumb -o "Core/Src/main.o"
arm-none-eabi-gcc -o "Micro_Servo.elf" @"objects.list"   -mcpu=cortex-m4 -T"C:\Users\Will\Documents\GitHub\STM32-Avionics\Sensor Testing\Micro_Servo\STM32F303RETX_FLASH.ld" --specs=nosys.specs -Wl,-Map="Micro_Servo.map" -Wl,--gc-sections -static --specs=nano.specs -mfpu=fpv4-sp-d16 -mfloat-abi=hard -mthumb -Wl,--start-group -lc -lm -Wl,--end-group
Finished building target: Micro_Servo.elf
 
arm-none-eabi-size   Micro_Servo.elf 
arm-none-eabi-objdump -h -S  Micro_Servo.elf  > "Micro_Servo.list"
   text	   data	    bss	    dec	    hex	filename
  15560	     20	   1780	  17360	   43d0	Micro_Servo.elf
Finished building: default.size.stdout
 
Finished building: Micro_Servo.list
 

18:12:37 Build Finished. 0 errors, 0 warnings. (took 530ms)

