15:50:48 **** Incremental Build of configuration Debug for project Pressure_Sensor ****
make -j16 all 
arm-none-eabi-gcc "../Core/Src/main.c" -mcpu=cortex-m4 -std=gnu11 -g3 -DDEBUG -DUSE_HAL_DRIVER -DSTM32F303xE -c -I../Core/Inc -I../Drivers/STM32F3xx_HAL_Driver/Inc -I../Drivers/STM32F3xx_HAL_Driver/Inc/Legacy -I../Drivers/CMSIS/Device/ST/STM32F3xx/Include -I../Drivers/CMSIS/Include -O0 -ffunction-sections -fdata-sections -Wall -fstack-usage -fcyclomatic-complexity -MMD -MP -MF"Core/Src/main.d" -MT"Core/Src/main.o" --specs=nano.specs -mfpu=fpv4-sp-d16 -mfloat-abi=hard -mthumb -o "Core/Src/main.o"
../Core/Src/main.c: In function 'main':
../Core/Src/main.c:167:90: warning: passing argument 5 of 'HAL_I2C_Mem_Read' from incompatible pointer type [-Wincompatible-pointer-types]
  167 |           HAL_I2C_Mem_Read(&hi2c1, BMP_Address, regAddress_Dig_T1, I2C_MEMADD_SIZE_8BIT, &dig_T1, 2, 2000u); /* Getting the Trimming Values */
      |                                                                                          ^~~~~~~
      |                                                                                          |
      |                                                                                          uint16_t * {aka short unsigned int *}
In file included from ../Core/Inc/stm32f3xx_hal_conf.h:271,
                 from ../Drivers/STM32F3xx_HAL_Driver/Inc/stm32f3xx_hal.h:29,
                 from ../Core/Inc/main.h:30,
                 from ../Core/Src/main.c:20:
../Drivers/STM32F3xx_HAL_Driver/Inc/stm32f3xx_hal_i2c.h:637:66: note: expected 'uint8_t *' {aka 'unsigned char *'} but argument is of type 'uint16_t *' {aka 'short unsigned int *'}
  637 |                                    uint16_t MemAddSize, uint8_t *pData, uint16_t Size, uint32_t Timeout);
      |                                                         ~~~~~~~~~^~~~~
../Core/Src/main.c:168:90: warning: passing argument 5 of 'HAL_I2C_Mem_Read' from incompatible pointer type [-Wincompatible-pointer-types]
  168 |           HAL_I2C_Mem_Read(&hi2c1, BMP_Address, regAddress_Dig_T2, I2C_MEMADD_SIZE_8BIT, &dig_T2, 2, 2000u); /* Getting the Trimming Values */
      |                                                                                          ^~~~~~~
      |                                                                                          |
      |                                                                                          short int *
In file included from ../Core/Inc/stm32f3xx_hal_conf.h:271,
                 from ../Drivers/STM32F3xx_HAL_Driver/Inc/stm32f3xx_hal.h:29,
                 from ../Core/Inc/main.h:30,
                 from ../Core/Src/main.c:20:
../Drivers/STM32F3xx_HAL_Driver/Inc/stm32f3xx_hal_i2c.h:637:66: note: expected 'uint8_t *' {aka 'unsigned char *'} but argument is of type 'short int *'
  637 |                                    uint16_t MemAddSize, uint8_t *pData, uint16_t Size, uint32_t Timeout);
      |                                                         ~~~~~~~~~^~~~~
../Core/Src/main.c:169:90: warning: passing argument 5 of 'HAL_I2C_Mem_Read' from incompatible pointer type [-Wincompatible-pointer-types]
  169 |           HAL_I2C_Mem_Read(&hi2c1, BMP_Address, regAddress_Dig_T3, I2C_MEMADD_SIZE_8BIT, &dig_T3, 2, 2000u); /* Getting the Trimming Values */
      |                                                                                          ^~~~~~~
      |                                                                                          |
      |                                                                                          short int *
In file included from ../Core/Inc/stm32f3xx_hal_conf.h:271,
                 from ../Drivers/STM32F3xx_HAL_Driver/Inc/stm32f3xx_hal.h:29,
                 from ../Core/Inc/main.h:30,
                 from ../Core/Src/main.c:20:
../Drivers/STM32F3xx_HAL_Driver/Inc/stm32f3xx_hal_i2c.h:637:66: note: expected 'uint8_t *' {aka 'unsigned char *'} but argument is of type 'short int *'
  637 |                                    uint16_t MemAddSize, uint8_t *pData, uint16_t Size, uint32_t Timeout);
      |                                                         ~~~~~~~~~^~~~~
../Core/Src/main.c:170:90: warning: passing argument 5 of 'HAL_I2C_Mem_Read' from incompatible pointer type [-Wincompatible-pointer-types]
  170 |           HAL_I2C_Mem_Read(&hi2c1, BMP_Address, regAddress_Dig_P1, I2C_MEMADD_SIZE_8BIT, &dig_P1, 2, 2000u); /* Getting the Trimming Values */
      |                                                                                          ^~~~~~~
      |                                                                                          |
      |                                                                                          uint16_t * {aka short unsigned int *}
In file included from ../Core/Inc/stm32f3xx_hal_conf.h:271,
                 from ../Drivers/STM32F3xx_HAL_Driver/Inc/stm32f3xx_hal.h:29,
                 from ../Core/Inc/main.h:30,
                 from ../Core/Src/main.c:20:
../Drivers/STM32F3xx_HAL_Driver/Inc/stm32f3xx_hal_i2c.h:637:66: note: expected 'uint8_t *' {aka 'unsigned char *'} but argument is of type 'uint16_t *' {aka 'short unsigned int *'}
  637 |                                    uint16_t MemAddSize, uint8_t *pData, uint16_t Size, uint32_t Timeout);
      |                                                         ~~~~~~~~~^~~~~
../Core/Src/main.c:171:90: warning: passing argument 5 of 'HAL_I2C_Mem_Read' from incompatible pointer type [-Wincompatible-pointer-types]
  171 |           HAL_I2C_Mem_Read(&hi2c1, BMP_Address, regAddress_Dig_P2, I2C_MEMADD_SIZE_8BIT, &dig_P2, 2, 2000u); /* Getting the Trimming Values */
      |                                                                                          ^~~~~~~
      |                                                                                          |
      |                                                                                          short int *
In file included from ../Core/Inc/stm32f3xx_hal_conf.h:271,
                 from ../Drivers/STM32F3xx_HAL_Driver/Inc/stm32f3xx_hal.h:29,
                 from ../Core/Inc/main.h:30,
                 from ../Core/Src/main.c:20:
../Drivers/STM32F3xx_HAL_Driver/Inc/stm32f3xx_hal_i2c.h:637:66: note: expected 'uint8_t *' {aka 'unsigned char *'} but argument is of type 'short int *'
  637 |                                    uint16_t MemAddSize, uint8_t *pData, uint16_t Size, uint32_t Timeout);
      |                                                         ~~~~~~~~~^~~~~
../Core/Src/main.c:172:90: warning: passing argument 5 of 'HAL_I2C_Mem_Read' from incompatible pointer type [-Wincompatible-pointer-types]
  172 |           HAL_I2C_Mem_Read(&hi2c1, BMP_Address, regAddress_Dig_P3, I2C_MEMADD_SIZE_8BIT, &dig_P3, 2, 2000u); /* Getting the Trimming Values */
      |                                                                                          ^~~~~~~
      |                                                                                          |
      |                                                                                          short int *
In file included from ../Core/Inc/stm32f3xx_hal_conf.h:271,
                 from ../Drivers/STM32F3xx_HAL_Driver/Inc/stm32f3xx_hal.h:29,
                 from ../Core/Inc/main.h:30,
                 from ../Core/Src/main.c:20:
../Drivers/STM32F3xx_HAL_Driver/Inc/stm32f3xx_hal_i2c.h:637:66: note: expected 'uint8_t *' {aka 'unsigned char *'} but argument is of type 'short int *'
  637 |                                    uint16_t MemAddSize, uint8_t *pData, uint16_t Size, uint32_t Timeout);
      |                                                         ~~~~~~~~~^~~~~
../Core/Src/main.c:173:90: warning: passing argument 5 of 'HAL_I2C_Mem_Read' from incompatible pointer type [-Wincompatible-pointer-types]
  173 |           HAL_I2C_Mem_Read(&hi2c1, BMP_Address, regAddress_Dig_P4, I2C_MEMADD_SIZE_8BIT, &dig_P4, 2, 2000u); /* Getting the Trimming Values */
      |                                                                                          ^~~~~~~
      |                                                                                          |
      |                                                                                          short int *
In file included from ../Core/Inc/stm32f3xx_hal_conf.h:271,
                 from ../Drivers/STM32F3xx_HAL_Driver/Inc/stm32f3xx_hal.h:29,
                 from ../Core/Inc/main.h:30,
                 from ../Core/Src/main.c:20:
../Drivers/STM32F3xx_HAL_Driver/Inc/stm32f3xx_hal_i2c.h:637:66: note: expected 'uint8_t *' {aka 'unsigned char *'} but argument is of type 'short int *'
  637 |                                    uint16_t MemAddSize, uint8_t *pData, uint16_t Size, uint32_t Timeout);
      |                                                         ~~~~~~~~~^~~~~
../Core/Src/main.c:174:90: warning: passing argument 5 of 'HAL_I2C_Mem_Read' from incompatible pointer type [-Wincompatible-pointer-types]
  174 |           HAL_I2C_Mem_Read(&hi2c1, BMP_Address, regAddress_Dig_P5, I2C_MEMADD_SIZE_8BIT, &dig_P5, 2, 2000u); /* Getting the Trimming Values */
      |                                                                                          ^~~~~~~
      |                                                                                          |
      |                                                                                          short int *
In file included from ../Core/Inc/stm32f3xx_hal_conf.h:271,
                 from ../Drivers/STM32F3xx_HAL_Driver/Inc/stm32f3xx_hal.h:29,
                 from ../Core/Inc/main.h:30,
                 from ../Core/Src/main.c:20:
../Drivers/STM32F3xx_HAL_Driver/Inc/stm32f3xx_hal_i2c.h:637:66: note: expected 'uint8_t *' {aka 'unsigned char *'} but argument is of type 'short int *'
  637 |                                    uint16_t MemAddSize, uint8_t *pData, uint16_t Size, uint32_t Timeout);
      |                                                         ~~~~~~~~~^~~~~
../Core/Src/main.c:175:90: warning: passing argument 5 of 'HAL_I2C_Mem_Read' from incompatible pointer type [-Wincompatible-pointer-types]
  175 |           HAL_I2C_Mem_Read(&hi2c1, BMP_Address, regAddress_Dig_P6, I2C_MEMADD_SIZE_8BIT, &dig_P6, 2, 2000u); /* Getting the Trimming Values */
      |                                                                                          ^~~~~~~
      |                                                                                          |
      |                                                                                          short int *
In file included from ../Core/Inc/stm32f3xx_hal_conf.h:271,
                 from ../Drivers/STM32F3xx_HAL_Driver/Inc/stm32f3xx_hal.h:29,
                 from ../Core/Inc/main.h:30,
                 from ../Core/Src/main.c:20:
../Drivers/STM32F3xx_HAL_Driver/Inc/stm32f3xx_hal_i2c.h:637:66: note: expected 'uint8_t *' {aka 'unsigned char *'} but argument is of type 'short int *'
  637 |                                    uint16_t MemAddSize, uint8_t *pData, uint16_t Size, uint32_t Timeout);
      |                                                         ~~~~~~~~~^~~~~
../Core/Src/main.c:176:90: warning: passing argument 5 of 'HAL_I2C_Mem_Read' from incompatible pointer type [-Wincompatible-pointer-types]
  176 |           HAL_I2C_Mem_Read(&hi2c1, BMP_Address, regAddress_Dig_P7, I2C_MEMADD_SIZE_8BIT, &dig_P7, 2, 2000u); /* Getting the Trimming Values */
      |                                                                                          ^~~~~~~
      |                                                                                          |
      |                                                                                          short int *
In file included from ../Core/Inc/stm32f3xx_hal_conf.h:271,
                 from ../Drivers/STM32F3xx_HAL_Driver/Inc/stm32f3xx_hal.h:29,
                 from ../Core/Inc/main.h:30,
                 from ../Core/Src/main.c:20:
../Drivers/STM32F3xx_HAL_Driver/Inc/stm32f3xx_hal_i2c.h:637:66: note: expected 'uint8_t *' {aka 'unsigned char *'} but argument is of type 'short int *'
  637 |                                    uint16_t MemAddSize, uint8_t *pData, uint16_t Size, uint32_t Timeout);
      |                                                         ~~~~~~~~~^~~~~
../Core/Src/main.c:177:90: warning: passing argument 5 of 'HAL_I2C_Mem_Read' from incompatible pointer type [-Wincompatible-pointer-types]
  177 |           HAL_I2C_Mem_Read(&hi2c1, BMP_Address, regAddress_Dig_P8, I2C_MEMADD_SIZE_8BIT, &dig_P8, 2, 2000u); /* Getting the Trimming Values */
      |                                                                                          ^~~~~~~
      |                                                                                          |
      |                                                                                          short int *
In file included from ../Core/Inc/stm32f3xx_hal_conf.h:271,
                 from ../Drivers/STM32F3xx_HAL_Driver/Inc/stm32f3xx_hal.h:29,
                 from ../Core/Inc/main.h:30,
                 from ../Core/Src/main.c:20:
../Drivers/STM32F3xx_HAL_Driver/Inc/stm32f3xx_hal_i2c.h:637:66: note: expected 'uint8_t *' {aka 'unsigned char *'} but argument is of type 'short int *'
  637 |                                    uint16_t MemAddSize, uint8_t *pData, uint16_t Size, uint32_t Timeout);
      |                                                         ~~~~~~~~~^~~~~
../Core/Src/main.c:178:90: warning: passing argument 5 of 'HAL_I2C_Mem_Read' from incompatible pointer type [-Wincompatible-pointer-types]
  178 |           HAL_I2C_Mem_Read(&hi2c1, BMP_Address, regAddress_Dig_P9, I2C_MEMADD_SIZE_8BIT, &dig_P9, 2, 2000u); /* Getting the Trimming Values */
      |                                                                                          ^~~~~~~
      |                                                                                          |
      |                                                                                          short int *
In file included from ../Core/Inc/stm32f3xx_hal_conf.h:271,
                 from ../Drivers/STM32F3xx_HAL_Driver/Inc/stm32f3xx_hal.h:29,
                 from ../Core/Inc/main.h:30,
                 from ../Core/Src/main.c:20:
../Drivers/STM32F3xx_HAL_Driver/Inc/stm32f3xx_hal_i2c.h:637:66: note: expected 'uint8_t *' {aka 'unsigned char *'} but argument is of type 'short int *'
  637 |                                    uint16_t MemAddSize, uint8_t *pData, uint16_t Size, uint32_t Timeout);
      |                                                         ~~~~~~~~~^~~~~
../Core/Src/main.c:189:93: warning: passing argument 5 of 'HAL_I2C_Mem_Read' from incompatible pointer type [-Wincompatible-pointer-types]
  189 |           HAL_I2C_Mem_Read(&hi2c1, BMP_Address, regAddress_PRESS_MSB, I2C_MEMADD_SIZE_8BIT, &data, 6, 2000u); /* Reading pressure and temperature */
      |                                                                                             ^~~~~
      |                                                                                             |
      |                                                                                             uint8_t (*)[6] {aka unsigned char (*)[6]}
In file included from ../Core/Inc/stm32f3xx_hal_conf.h:271,
                 from ../Drivers/STM32F3xx_HAL_Driver/Inc/stm32f3xx_hal.h:29,
                 from ../Core/Inc/main.h:30,
                 from ../Core/Src/main.c:20:
../Drivers/STM32F3xx_HAL_Driver/Inc/stm32f3xx_hal_i2c.h:637:66: note: expected 'uint8_t *' {aka 'unsigned char *'} but argument is of type 'uint8_t (*)[6]' {aka 'unsigned char (*)[6]'}
  637 |                                    uint16_t MemAddSize, uint8_t *pData, uint16_t Size, uint32_t Timeout);
      |                                                         ~~~~~~~~~^~~~~
../Core/Src/main.c:160:17: warning: variable 'tempVal' set but not used [-Wunused-but-set-variable]
  160 |           float tempVal; /* Decimal Temperature */
      |                 ^~~~~~~
../Core/Src/main.c:159:17: warning: variable 'pressVal' set but not used [-Wunused-but-set-variable]
  159 |           float pressVal; /* Decimal Pressure */
      |                 ^~~~~~~~
../Core/Src/main.c:108:19: warning: unused variable 'regAddress_TEMP_XLSB' [-Wunused-variable]
  108 |           uint8_t regAddress_TEMP_XLSB = 0xFC; /* Temperature Extreme Least Significant Bits */
      |                   ^~~~~~~~~~~~~~~~~~~~
../Core/Src/main.c:107:19: warning: unused variable 'regAddress_TEMP_LSB' [-Wunused-variable]
  107 |           uint8_t regAddress_TEMP_LSB = 0xFB; /* Temperature Least Significant Bits */
      |                   ^~~~~~~~~~~~~~~~~~~
../Core/Src/main.c:106:19: warning: unused variable 'regAddress_TEMP_MSB' [-Wunused-variable]
  106 |           uint8_t regAddress_TEMP_MSB = 0xFA; /* Temperature Most Significant Bits */
      |                   ^~~~~~~~~~~~~~~~~~~
../Core/Src/main.c:105:19: warning: unused variable 'regAddress_PRESS_XLSB' [-Wunused-variable]
  105 |           uint8_t regAddress_PRESS_XLSB = 0xF9; /* Pressure Extreme Least Significant Bits */
      |                   ^~~~~~~~~~~~~~~~~~~~~
../Core/Src/main.c:104:19: warning: unused variable 'regAddress_PRESS_LSB' [-Wunused-variable]
  104 |           uint8_t regAddress_PRESS_LSB = 0xF8; /* Pressure Least Significant Bits */
      |                   ^~~~~~~~~~~~~~~~~~~~
arm-none-eabi-gcc -o "Pressure_Sensor.elf" @"objects.list"   -mcpu=cortex-m4 -T"C:\Users\Will\Documents\GitHub\STM32-Avionics\Sensor Testing\Pressure_Sensor\STM32F303RETX_FLASH.ld" --specs=nosys.specs -Wl,-Map="Pressure_Sensor.map" -Wl,--gc-sections -static --specs=nano.specs -mfpu=fpv4-sp-d16 -mfloat-abi=hard -mthumb -Wl,--start-group -lc -lm -Wl,--end-group
Finished building target: Pressure_Sensor.elf
 
arm-none-eabi-size   Pressure_Sensor.elf 
arm-none-eabi-objdump -h -S  Pressure_Sensor.elf  > "Pressure_Sensor.list"
   text	   data	    bss	    dec	    hex	filename
  18860	     20	   1788	  20668	   50bc	Pressure_Sensor.elf
Finished building: default.size.stdout
 
Finished building: Pressure_Sensor.list
 

15:50:48 Build Finished. 0 errors, 20 warnings. (took 433ms)

